// Jest Snapshot v1, https://goo.gl/fbAQLP

exports[`btn should have hi text 1`] = `
.c0 {
  font-size: 1.5rem;
  border: none;
  padding: 1rem 2rem;
  border-radius: 4px;
  cursor: pointer;
  -webkit-transition: all 0.3s ease-in-out;
  transition: all 0.3s ease-in-out;
}

<div>
  <button
    class="c0"
  >
    hi
  </button>
</div>
`;
